Component: ARM Compiler 5.06 update 6 (build 750) Tool: armlink [4d35ed]

==============================================================================

Section Cross References

    edf.o(i._Z14five_point_onePii) refers to edf.o(i._Z7maximumPii) for maximum(int*, int)
    edf.o(i._Z16five_point_threeiPiS_) refers to edf.o(i._Z3gcdii) for gcd(int, int)
    edf.o(i._Z3gcdii) refers to edf.o(i._Z3minii) for min(int, int)
    edf.o(i._Z3lcmiii) refers to edf.o(i._Z3gcdii) for gcd(int, int)
    edf.o(i._Z5gcd_3iii) refers to edf.o(i._Z3minii) for min(int, int)
    edf.o(i._ZN3Edf15find_frame_sizeEPiS0_S0_) refers to edf.o(i._Z3lcmiii) for lcm(int, int, int)
    edf.o(i._ZN3Edf15find_frame_sizeEPiS0_S0_) refers to edf.o(i._Z14five_point_onePii) for five_point_one(int*, int)
    edf.o(i._ZN3Edf15find_frame_sizeEPiS0_S0_) refers to edf.o(i._Z14five_point_twoii) for five_point_two(int, int)
    edf.o(i._ZN3Edf15find_frame_sizeEPiS0_S0_) refers to edf.o(i._Z16five_point_threeiPiS_) for five_point_three(int, int*, int*)
    edf.o(.ARM.exidx) refers to edf.o(i._Z3minii) for i._Z3minii
    edf.o(.ARM.exidx) refers to edf.o(i._Z7maximumPii) for i._Z7maximumPii
    edf.o(.ARM.exidx) refers to edf.o(i._Z5gcd_3iii) for i._Z5gcd_3iii
    edf.o(.ARM.exidx) refers to edf.o(i._Z3gcdii) for i._Z3gcdii
    edf.o(.ARM.exidx) refers to edf.o(i._Z3lcmiii) for i._Z3lcmiii
    edf.o(.ARM.exidx) refers to edf.o(i._Z14five_point_onePii) for i._Z14five_point_onePii
    edf.o(.ARM.exidx) refers to edf.o(i._Z14five_point_twoii) for i._Z14five_point_twoii
    edf.o(.ARM.exidx) refers to edf.o(i._Z16five_point_threeiPiS_) for i._Z16five_point_threeiPiS_
    edf.o(.ARM.exidx) refers to edf.o(i._ZN3Edf15find_frame_sizeEPiS0_S0_) for i._ZN3Edf15find_frame_sizeEPiS0_S0_
    edf.o(.ARM.exidx) refers to edf.o(i._ZN9Scheduler12sch_add_loopEPFvvEiii) for i._ZN9Scheduler12sch_add_loopEPFvvEiii
    main.o(i.main) refers to tasks.o(i._ZN5TasksC1Ei) for Tasks::Tasks(int)
    main.o(i.main) refers to tasks.o(i._ZN5Tasks9runEDFAlgEv) for Tasks::runEDFAlg()
    main.o(i.main) refers to tasks.o(i._ZN5Tasks8runTasksEv) for Tasks::runTasks()
    main.o(.ARM.exidx) refers to main.o(i.main) for i.main
    tasks.o(i._ZN5Tasks6runLSTEi) refers to lst.o(i._ZN3LSTC1EPiPPFvvES0_i) for LST::LST(int*, void(**)(), int*, int)
    tasks.o(i._ZN5Tasks6runLSTEi) refers to lst.o(i._ZN3LST17computeSlackArrayEi) for LST::computeSlackArray(int)
    tasks.o(i._ZN5Tasks6runLSTEi) refers to lst.o(i._ZN3LST20insertionSortBySlackEv) for LST::insertionSortBySlack()
    tasks.o(i._ZN5Tasks6runLSTEi) refers to tasks.o(.constdata) for .constdata
    tasks.o(i._ZN5Tasks9runEDFAlgEv) refers to edf.o(i._ZN3Edf15find_frame_sizeEPiS0_S0_) for Edf::find_frame_size(int*, int*, int*)
    tasks.o(i._ZN5Tasks9runEDFAlgEv) refers to scheduling.o(i._ZN10Scheduling23insertionSortByDeadlineEPPFvvEPiS3_S3_i) for Scheduling::insertionSortByDeadline(void(**)(), int*, int*, int*, int)
    tasks.o(i._ZN5Tasks9runEDFAlgEv) refers to tasks.o(.constdata) for .constdata
    tasks.o(.ARM.exidx) refers to tasks.o(i._Z4readv) for i._Z4readv
    tasks.o(.ARM.exidx) refers to tasks.o(i._Z5checkv) for i._Z5checkv
    tasks.o(.ARM.exidx) refers to tasks.o(i._Z5reactv) for i._Z5reactv
    tasks.o(.ARM.exidx) refers to tasks.o(i._ZN5TasksC1Ei) for i._ZN5TasksC1Ei
    tasks.o(.ARM.exidx) refers to tasks.o(i._ZN5Tasks9runEDFAlgEv) for i._ZN5Tasks9runEDFAlgEv
    tasks.o(.ARM.exidx) refers to tasks.o(i._ZN5Tasks8runTasksEv) for i._ZN5Tasks8runTasksEv
    tasks.o(.ARM.exidx) refers to tasks.o(i._ZN5Tasks6runLSTEi) for i._ZN5Tasks6runLSTEi
    tasks.o(.ARM.exidx) refers to tasks.o(i._ZN5Tasks12sch_add_loopEPFvvE) for i._ZN5Tasks12sch_add_loopEPFvvE
    tasks.o(.constdata) refers to tasks.o(i._Z4readv) for read()
    tasks.o(.constdata) refers to tasks.o(i._Z5checkv) for check()
    tasks.o(.constdata) refers to tasks.o(i._Z5reactv) for react()
    lst.o(i._ZN3LST17computeSlackArrayEi) refers to lst.o(i._ZN3LST5slackEiii) for LST::slack(int, int, int)
    lst.o(.ARM.exidx) refers to lst.o(i._ZN3LSTC1EPiPPFvvES0_i) for i._ZN3LSTC1EPiPPFvvES0_i
    lst.o(.ARM.exidx) refers to lst.o(i._ZN3LST5slackEiii) for i._ZN3LST5slackEiii
    lst.o(.ARM.exidx) refers to lst.o(i._ZN3LST17computeSlackArrayEi) for i._ZN3LST17computeSlackArrayEi
    lst.o(.ARM.exidx) refers to lst.o(i._ZN3LST20insertionSortBySlackEv) for i._ZN3LST20insertionSortBySlackEv
    scheduling.o(.ARM.exidx) refers to scheduling.o(i._ZN10Scheduling23insertionSortByDeadlineEPPFvvEPiS3_S3_i) for i._ZN10Scheduling23insertionSortByDeadlineEPPFvvEPiS3_S3_i
    startup.o(RESET) refers to startup.o(STACK) for __initial_sp
    startup.o(RESET) refers to startup.o(.text) for Reset_Handler
    startup.o(.text) refers to __main.o(!!!main) for __main
    __main.o(!!!main) refers to __rtentry.o(.ARM.Collect$$rtentry$$00000000) for __rt_entry
    __rtentry.o(.ARM.Collect$$rtentry$$00000000) refers (Special) to __rtentry2.o(.ARM.Collect$$rtentry$$0000000A) for __rt_entry_li
    __rtentry.o(.ARM.Collect$$rtentry$$00000000) refers (Special) to __rtentry2.o(.ARM.Collect$$rtentry$$0000000D) for __rt_entry_main
    __rtentry.o(.ARM.Collect$$rtentry$$00000000) refers (Special) to __rtentry2.o(.ARM.Collect$$rtentry$$0000000C) for __rt_entry_postli_1
    __rtentry.o(.ARM.Collect$$rtentry$$00000000) refers (Special) to __rtentry2.o(.ARM.Collect$$rtentry$$00000009) for __rt_entry_postsh_1
    __rtentry.o(.ARM.Collect$$rtentry$$00000000) refers (Special) to __rtentry2.o(.ARM.Collect$$rtentry$$00000002) for __rt_entry_presh_1
    __rtentry.o(.ARM.Collect$$rtentry$$00000000) refers (Special) to __rtentry5.o(.ARM.Collect$$rtentry$$00000005) for __rt_entry_sh
    __rtentry2.o(.ARM.Collect$$rtentry$$00000008) refers to boardinit2.o(.text) for _platform_post_stackheap_init
    __rtentry2.o(.ARM.Collect$$rtentry$$0000000A) refers to libinit.o(.ARM.Collect$$libinit$$00000000) for __rt_lib_init
    __rtentry2.o(.ARM.Collect$$rtentry$$0000000B) refers to boardinit3.o(.text) for _platform_post_lib_init
    __rtentry2.o(.ARM.Collect$$rtentry$$0000000D) refers to main.o(i.main) for main
    __rtentry2.o(.ARM.Collect$$rtentry$$0000000D) refers to exit.o(.text) for exit
    __rtentry2.o(.ARM.exidx) refers to __rtentry2.o(.ARM.Collect$$rtentry$$00000001) for .ARM.Collect$$rtentry$$00000001
    __rtentry2.o(.ARM.exidx) refers to __rtentry2.o(.ARM.Collect$$rtentry$$00000008) for .ARM.Collect$$rtentry$$00000008
    __rtentry2.o(.ARM.exidx) refers to __rtentry2.o(.ARM.Collect$$rtentry$$0000000A) for .ARM.Collect$$rtentry$$0000000A
    __rtentry2.o(.ARM.exidx) refers to __rtentry2.o(.ARM.Collect$$rtentry$$0000000B) for .ARM.Collect$$rtentry$$0000000B
    __rtentry2.o(.ARM.exidx) refers to __rtentry2.o(.ARM.Collect$$rtentry$$0000000D) for .ARM.Collect$$rtentry$$0000000D
    __rtentry4.o(.ARM.Collect$$rtentry$$00000004) refers to sys_stackheap_outer.o(.text) for __user_setup_stackheap
    __rtentry4.o(.ARM.exidx) refers to __rtentry4.o(.ARM.Collect$$rtentry$$00000004) for .ARM.Collect$$rtentry$$00000004
    __rtentry5.o(.ARM.Collect$$rtentry$$00000005) refers to __rtentry5.o(.ARM.Collect$$rtentry$$00002716) for __lit__00000000
    __rtentry5.o(.ARM.Collect$$rtentry$$00002716) refers to startup.o(STACK) for __initial_sp
    __rtentry5.o(__vectab_stack_and_reset_sym_area) refers to startup.o(STACK) for __initial_sp
    __rtentry5.o(__vectab_stack_and_reset_sym_area) refers to __main.o(!!!main) for __main
    __rtentry5.o(.ARM.exidx) refers to __rtentry5.o(.ARM.Collect$$rtentry$$00000005) for .ARM.Collect$$rtentry$$00000005
    __rtentry5.o(.ARM.exidx) refers to __rtentry5.o(.ARM.Collect$$rtentry$$00002716) for .ARM.Collect$$rtentry$$00002716
    sys_stackheap_outer.o(.text) refers to libspace.o(.text) for __user_perproc_libspace
    sys_stackheap_outer.o(.text) refers to sys_stackheap.o(.text) for __user_initial_stackheap
    exit.o(.text) refers to rtexit.o(.ARM.Collect$$rtexit$$00000000) for __rt_exit
    libinit.o(.ARM.Collect$$libinit$$00000000) refers (Special) to libinit2.o(.ARM.Collect$$libinit$$0000002E) for __rt_lib_init_alloca_1
    libinit.o(.ARM.Collect$$libinit$$00000000) refers (Special) to libinit2.o(.ARM.Collect$$libinit$$0000002C) for __rt_lib_init_argv_1
    libinit.o(.ARM.Collect$$libinit$$00000000) refers (Special) to libinit2.o(.ARM.Collect$$libinit$$0000001B) for __rt_lib_init_atexit_1
    libinit.o(.ARM.Collect$$libinit$$00000000) refers (Special) to libinit2.o(.ARM.Collect$$libinit$$00000021) for __rt_lib_init_clock_1
    libinit.o(.ARM.Collect$$libinit$$00000000) refers (Special) to libinit2.o(.ARM.Collect$$libinit$$00000032) for __rt_lib_init_cpp_1
    libinit.o(.ARM.Collect$$libinit$$00000000) refers (Special) to libinit2.o(.ARM.Collect$$libinit$$00000030) for __rt_lib_init_exceptions_1
    libinit.o(.ARM.Collect$$libinit$$00000000) refers (Special) to libinit2.o(.ARM.Collect$$libinit$$00000002) for __rt_lib_init_fp_1
    libinit.o(.ARM.Collect$$libinit$$00000000) refers (Special) to libinit2.o(.ARM.Collect$$libinit$$0000001F) for __rt_lib_init_fp_trap_1
    libinit.o(.ARM.Collect$$libinit$$00000000) refers (Special) to libinit2.o(.ARM.Collect$$libinit$$00000023) for __rt_lib_init_getenv_1
    libinit.o(.ARM.Collect$$libinit$$00000000) refers (Special) to libinit2.o(.ARM.Collect$$libinit$$0000000A) for __rt_lib_init_heap_1
    libinit.o(.ARM.Collect$$libinit$$00000000) refers (Special) to libinit2.o(.ARM.Collect$$libinit$$00000011) for __rt_lib_init_lc_collate_1
    libinit.o(.ARM.Collect$$libinit$$00000000) refers (Special) to libinit2.o(.ARM.Collect$$libinit$$00000013) for __rt_lib_init_lc_ctype_1
    libinit.o(.ARM.Collect$$libinit$$00000000) refers (Special) to libinit2.o(.ARM.Collect$$libinit$$00000015) for __rt_lib_init_lc_monetary_1
    libinit.o(.ARM.Collect$$libinit$$00000000) refers (Special) to libinit2.o(.ARM.Collect$$libinit$$00000017) for __rt_lib_init_lc_numeric_1
    libinit.o(.ARM.Collect$$libinit$$00000000) refers (Special) to libinit2.o(.ARM.Collect$$libinit$$00000019) for __rt_lib_init_lc_time_1
    libinit.o(.ARM.Collect$$libinit$$00000000) refers (Special) to libinit2.o(.ARM.Collect$$libinit$$00000004) for __rt_lib_init_preinit_1
    libinit.o(.ARM.Collect$$libinit$$00000000) refers (Special) to libinit2.o(.ARM.Collect$$libinit$$0000000E) for __rt_lib_init_rand_1
    libinit.o(.ARM.Collect$$libinit$$00000000) refers (Special) to libinit2.o(.ARM.Collect$$libinit$$00000033) for __rt_lib_init_return
    libinit.o(.ARM.Collect$$libinit$$00000000) refers (Special) to libinit2.o(.ARM.Collect$$libinit$$0000001D) for __rt_lib_init_signal_1
    libinit.o(.ARM.Collect$$libinit$$00000000) refers (Special) to libinit2.o(.ARM.Collect$$libinit$$00000025) for __rt_lib_init_stdio_1
    libinit.o(.ARM.Collect$$libinit$$00000000) refers (Special) to libinit2.o(.ARM.Collect$$libinit$$0000000C) for __rt_lib_init_user_alloc_1
    libspace.o(.text) refers to libspace.o(.bss) for __libspace_start
    sys_stackheap.o(.text) refers (Special) to indicate_semi.o(.text) for __semihosting_library_function
    sys_stackheap.o(.text) refers to use_no_semi.o(.text) for __I$use$semihosting
    rtexit.o(.ARM.Collect$$rtexit$$00000000) refers (Special) to rtexit2.o(.ARM.Collect$$rtexit$$00000004) for __rt_exit_exit
    rtexit.o(.ARM.Collect$$rtexit$$00000000) refers (Special) to rtexit2.o(.ARM.Collect$$rtexit$$00000003) for __rt_exit_ls
    rtexit.o(.ARM.Collect$$rtexit$$00000000) refers (Special) to rtexit2.o(.ARM.Collect$$rtexit$$00000002) for __rt_exit_prels_1
    rtexit.o(.ARM.exidx) refers (Special) to rtexit2.o(.ARM.Collect$$rtexit$$00000004) for __rt_exit_exit
    rtexit.o(.ARM.exidx) refers (Special) to rtexit2.o(.ARM.Collect$$rtexit$$00000003) for __rt_exit_ls
    rtexit.o(.ARM.exidx) refers (Special) to rtexit2.o(.ARM.Collect$$rtexit$$00000002) for __rt_exit_prels_1
    rtexit.o(.ARM.exidx) refers to rtexit.o(.ARM.Collect$$rtexit$$00000000) for .ARM.Collect$$rtexit$$00000000
    libinit2.o(.ARM.Collect$$libinit$$00000010) refers to libinit2.o(.ARM.Collect$$libinit$$0000000F) for .ARM.Collect$$libinit$$0000000F
    libinit2.o(.ARM.Collect$$libinit$$00000012) refers to libinit2.o(.ARM.Collect$$libinit$$0000000F) for .ARM.Collect$$libinit$$0000000F
    libinit2.o(.ARM.Collect$$libinit$$00000014) refers to libinit2.o(.ARM.Collect$$libinit$$0000000F) for .ARM.Collect$$libinit$$0000000F
    libinit2.o(.ARM.Collect$$libinit$$00000016) refers to libinit2.o(.ARM.Collect$$libinit$$0000000F) for .ARM.Collect$$libinit$$0000000F
    libinit2.o(.ARM.Collect$$libinit$$00000018) refers to libinit2.o(.ARM.Collect$$libinit$$0000000F) for .ARM.Collect$$libinit$$0000000F
    libinit2.o(.ARM.Collect$$libinit$$00000026) refers to argv_veneer.o(.emb_text) for __ARM_argv_veneer
    libinit2.o(.ARM.Collect$$libinit$$00000027) refers to argv_veneer.o(.emb_text) for __ARM_argv_veneer
    rtexit2.o(.ARM.Collect$$rtexit$$00000003) refers to libshutdown.o(.ARM.Collect$$libshutdown$$00000000) for __rt_lib_shutdown
    rtexit2.o(.ARM.Collect$$rtexit$$00000004) refers to sys_exit.o(.text) for _sys_exit
    rtexit2.o(.ARM.exidx) refers to rtexit2.o(.ARM.Collect$$rtexit$$00000001) for .ARM.Collect$$rtexit$$00000001
    rtexit2.o(.ARM.exidx) refers to rtexit2.o(.ARM.Collect$$rtexit$$00000003) for .ARM.Collect$$rtexit$$00000003
    rtexit2.o(.ARM.exidx) refers to rtexit2.o(.ARM.Collect$$rtexit$$00000004) for .ARM.Collect$$rtexit$$00000004
    argv_veneer.o(.emb_text) refers to no_argv.o(.text) for __ARM_get_argv
    sys_exit.o(.text) refers (Special) to use_no_semi.o(.text) for __I$use$semihosting
    sys_exit.o(.text) refers (Special) to indicate_semi.o(.text) for __semihosting_library_function
    _get_argv_nomalloc.o(.text) refers (Special) to hrguard.o(.text) for __heap_region$guard
    _get_argv_nomalloc.o(.text) refers to defsig_rtmem_outer.o(.text) for __rt_SIGRTMEM
    _get_argv_nomalloc.o(.text) refers to sys_command.o(.text) for _sys_command_string
    libshutdown.o(.ARM.Collect$$libshutdown$$00000000) refers (Special) to libshutdown2.o(.ARM.Collect$$libshutdown$$00000002) for __rt_lib_shutdown_cpp_1
    libshutdown.o(.ARM.Collect$$libshutdown$$00000000) refers (Special) to libshutdown2.o(.ARM.Collect$$libshutdown$$00000007) for __rt_lib_shutdown_fp_trap_1
    libshutdown.o(.ARM.Collect$$libshutdown$$00000000) refers (Special) to libshutdown2.o(.ARM.Collect$$libshutdown$$0000000F) for __rt_lib_shutdown_heap_1
    libshutdown.o(.ARM.Collect$$libshutdown$$00000000) refers (Special) to libshutdown2.o(.ARM.Collect$$libshutdown$$00000010) for __rt_lib_shutdown_return
    libshutdown.o(.ARM.Collect$$libshutdown$$00000000) refers (Special) to libshutdown2.o(.ARM.Collect$$libshutdown$$0000000A) for __rt_lib_shutdown_signal_1
    libshutdown.o(.ARM.Collect$$libshutdown$$00000000) refers (Special) to libshutdown2.o(.ARM.Collect$$libshutdown$$00000004) for __rt_lib_shutdown_stdio_1
    libshutdown.o(.ARM.Collect$$libshutdown$$00000000) refers (Special) to libshutdown2.o(.ARM.Collect$$libshutdown$$0000000C) for __rt_lib_shutdown_user_alloc_1
    sys_command.o(.text) refers (Special) to use_no_semi.o(.text) for __I$use$semihosting
    sys_command.o(.text) refers (Special) to indicate_semi.o(.text) for __semihosting_library_function
    defsig_rtmem_outer.o(.text) refers to defsig_rtmem_inner.o(.text) for __rt_SIGRTMEM_inner
    defsig_rtmem_outer.o(.text) refers to defsig_exit.o(.text) for __sig_exit
    defsig_rtmem_formal.o(.text) refers to rt_raise.o(.text) for __rt_raise
    rt_raise.o(.text) refers to __raise.o(.text) for __raise
    rt_raise.o(.text) refers to sys_exit.o(.text) for _sys_exit
    defsig_exit.o(.text) refers to sys_exit.o(.text) for _sys_exit
    defsig_rtmem_inner.o(.text) refers to defsig_general.o(.text) for __default_signal_display
    __raise.o(.text) refers to defsig.o(CL$$defsig) for __default_signal_handler
    defsig_general.o(.text) refers to sys_wrch.o(.text) for _ttywrch
    sys_wrch.o(.text) refers (Special) to use_no_semi.o(.text) for __I$use$semihosting
    sys_wrch.o(.text) refers (Special) to indicate_semi.o(.text) for __semihosting_library_function
    defsig.o(CL$$defsig) refers to defsig_rtmem_inner.o(.text) for __rt_SIGRTMEM_inner
    defsig_abrt_inner.o(.text) refers to defsig_general.o(.text) for __default_signal_display
    defsig_fpe_inner.o(.text) refers to defsig_general.o(.text) for __default_signal_display
    defsig_rtred_inner.o(.text) refers to defsig_general.o(.text) for __default_signal_display
    defsig_stak_inner.o(.text) refers to defsig_general.o(.text) for __default_signal_display
    defsig_pvfn_inner.o(.text) refers to defsig_general.o(.text) for __default_signal_display
    defsig_cppl_inner.o(.text) refers to defsig_general.o(.text) for __default_signal_display
    defsig_segv_inner.o(.text) refers to defsig_general.o(.text) for __default_signal_display
    defsig_other.o(.text) refers to defsig_general.o(.text) for __default_signal_display


==============================================================================

Removing Unused input sections from the image.

    Removing edf.o(i._Z5gcd_3iii), (74 bytes).
    Removing edf.o(i._ZN9Scheduler12sch_add_loopEPFvvEiii), (38 bytes).
    Removing edf.o(.ARM.exidx), (8 bytes).
    Removing edf.o(.ARM.exidx), (8 bytes).
    Removing edf.o(.ARM.exidx), (8 bytes).
    Removing edf.o(.ARM.exidx), (8 bytes).
    Removing edf.o(.ARM.exidx), (8 bytes).
    Removing edf.o(.ARM.exidx), (8 bytes).
    Removing edf.o(.ARM.exidx), (8 bytes).
    Removing edf.o(.ARM.exidx), (8 bytes).
    Removing edf.o(.ARM.exidx), (8 bytes).
    Removing edf.o(.ARM.exidx), (8 bytes).
    Removing main.o(.ARM.exidx), (8 bytes).
    Removing tasks.o(i._ZN5Tasks12sch_add_loopEPFvvE), (26 bytes).
    Removing tasks.o(i._ZN5Tasks6runLSTEi), (96 bytes).
    Removing tasks.o(.ARM.exidx), (8 bytes).
    Removing tasks.o(.ARM.exidx), (8 bytes).
    Removing tasks.o(.ARM.exidx), (8 bytes).
    Removing tasks.o(.ARM.exidx), (8 bytes).
    Removing tasks.o(.ARM.exidx), (8 bytes).
    Removing tasks.o(.ARM.exidx), (8 bytes).
    Removing tasks.o(.ARM.exidx), (8 bytes).
    Removing tasks.o(.ARM.exidx), (8 bytes).
    Removing lst.o(i._ZN3LST17computeSlackArrayEi), (52 bytes).
    Removing lst.o(i._ZN3LST20insertionSortBySlackEv), (92 bytes).
    Removing lst.o(i._ZN3LST5slackEiii), (12 bytes).
    Removing lst.o(i._ZN3LSTC1EPiPPFvvES0_i), (56 bytes).
    Removing lst.o(.ARM.exidx), (8 bytes).
    Removing lst.o(.ARM.exidx), (8 bytes).
    Removing lst.o(.ARM.exidx), (8 bytes).
    Removing lst.o(.ARM.exidx), (8 bytes).
    Removing scheduling.o(.ARM.exidx), (8 bytes).

32 unused section(s) (total 638 bytes) removed from the image.

==============================================================================

Image Symbol Table

    Local Symbols

    Symbol Name                              Value     Ov Type        Size  Object(Section)

    RESET                                    0x00000000   Section        8  startup.o(RESET)
    ../clib/angel/boardlib.s                 0x00000000   Number         0  boardinit3.o ABSOLUTE
    ../clib/angel/boardlib.s                 0x00000000   Number         0  boardinit2.o ABSOLUTE
    ../clib/angel/boardlib.s                 0x00000000   Number         0  boardinit1.o ABSOLUTE
    ../clib/angel/boardlib.s                 0x00000000   Number         0  boardshut.o ABSOLUTE
    ../clib/angel/handlers.s                 0x00000000   Number         0  __scatter_zi.o ABSOLUTE
    ../clib/angel/kernel.s                   0x00000000   Number         0  __rtentry5.o ABSOLUTE
    ../clib/angel/kernel.s                   0x00000000   Number         0  rtexit.o ABSOLUTE
    ../clib/angel/kernel.s                   0x00000000   Number         0  __rtentry4.o ABSOLUTE
    ../clib/angel/kernel.s                   0x00000000   Number         0  __rtentry2.o ABSOLUTE
    ../clib/angel/kernel.s                   0x00000000   Number         0  __rtentry.o ABSOLUTE
    ../clib/angel/kernel.s                   0x00000000   Number         0  rtexit2.o ABSOLUTE
    ../clib/angel/rt.s                       0x00000000   Number         0  rt_raise.o ABSOLUTE
    ../clib/angel/scatter.s                  0x00000000   Number         0  __scatter.o ABSOLUTE
    ../clib/angel/startup.s                  0x00000000   Number         0  __main.o ABSOLUTE
    ../clib/angel/sys.s                      0x00000000   Number         0  use_no_semi.o ABSOLUTE
    ../clib/angel/sys.s                      0x00000000   Number         0  sys_stackheap.o ABSOLUTE
    ../clib/angel/sys.s                      0x00000000   Number         0  sys_stackheap_outer.o ABSOLUTE
    ../clib/angel/sys.s                      0x00000000   Number         0  libspace.o ABSOLUTE
    ../clib/angel/sys.s                      0x00000000   Number         0  indicate_semi.o ABSOLUTE
    ../clib/angel/sysapp.c                   0x00000000   Number         0  sys_wrch.o ABSOLUTE
    ../clib/angel/sysapp.c                   0x00000000   Number         0  sys_exit.o ABSOLUTE
    ../clib/angel/sysapp.c                   0x00000000   Number         0  sys_command.o ABSOLUTE
    ../clib/armsys.c                         0x00000000   Number         0  argv_veneer.o ABSOLUTE
    ../clib/armsys.c                         0x00000000   Number         0  argv_veneer.o ABSOLUTE
    ../clib/armsys.c                         0x00000000   Number         0  no_argv.o ABSOLUTE
    ../clib/armsys.c                         0x00000000   Number         0  _get_argv_nomalloc.o ABSOLUTE
    ../clib/heapalloc.c                      0x00000000   Number         0  hrguard.o ABSOLUTE
    ../clib/libinit.s                        0x00000000   Number         0  libshutdown2.o ABSOLUTE
    ../clib/libinit.s                        0x00000000   Number         0  libshutdown.o ABSOLUTE
    ../clib/libinit.s                        0x00000000   Number         0  libinit.o ABSOLUTE
    ../clib/libinit.s                        0x00000000   Number         0  libinit2.o ABSOLUTE
    ../clib/signal.c                         0x00000000   Number         0  defsig_segv_inner.o ABSOLUTE
    ../clib/signal.c                         0x00000000   Number         0  defsig_cppl_inner.o ABSOLUTE
    ../clib/signal.c                         0x00000000   Number         0  defsig_rtmem_outer.o ABSOLUTE
    ../clib/signal.c                         0x00000000   Number         0  defsig_rtmem_formal.o ABSOLUTE
    ../clib/signal.c                         0x00000000   Number         0  __raise.o ABSOLUTE
    ../clib/signal.c                         0x00000000   Number         0  defsig_exit.o ABSOLUTE
    ../clib/signal.c                         0x00000000   Number         0  defsig_rtmem_inner.o ABSOLUTE
    ../clib/signal.c                         0x00000000   Number         0  defsig_general.o ABSOLUTE
    ../clib/signal.c                         0x00000000   Number         0  defsig_rtred_inner.o ABSOLUTE
    ../clib/signal.c                         0x00000000   Number         0  defsig_abrt_inner.o ABSOLUTE
    ../clib/signal.c                         0x00000000   Number         0  defsig_fpe_inner.o ABSOLUTE
    ../clib/signal.c                         0x00000000   Number         0  defsig_other.o ABSOLUTE
    ../clib/signal.c                         0x00000000   Number         0  defsig_stak_inner.o ABSOLUTE
    ../clib/signal.c                         0x00000000   Number         0  defsig_pvfn_inner.o ABSOLUTE
    ../clib/signal.s                         0x00000000   Number         0  defsig.o ABSOLUTE
    ../clib/stdlib.c                         0x00000000   Number         0  exit.o ABSOLUTE
    ../fplib/fpinit.s                        0x00000000   Number         0  fpinit.o ABSOLUTE
    common\startup.s                         0x00000000   Number         0  startup.o ABSOLUTE
    dc.s                                     0x00000000   Number         0  dc.o ABSOLUTE
    src\edf.cpp                              0x00000000   Number         0  edf.o ABSOLUTE
    src\lst.cpp                              0x00000000   Number         0  lst.o ABSOLUTE
    src\main.cpp                             0x00000000   Number         0  main.o ABSOLUTE
    src\scheduling.cpp                       0x00000000   Number         0  scheduling.o ABSOLUTE
    src\tasks.cpp                            0x00000000   Number         0  tasks.o ABSOLUTE
    !!!main                                  0x00000008   Section        8  __main.o(!!!main)
    !!!scatter                               0x00000010   Section       52  __scatter.o(!!!scatter)
    !!handler_zi                             0x00000044   Section       28  __scatter_zi.o(!!handler_zi)
    .ARM.Collect$$libinit$$00000000          0x00000060   Section        2  libinit.o(.ARM.Collect$$libinit$$00000000)
    .ARM.Collect$$libinit$$00000002          0x00000062   Section        0  libinit2.o(.ARM.Collect$$libinit$$00000002)
    .ARM.Collect$$libinit$$00000004          0x00000062   Section        0  libinit2.o(.ARM.Collect$$libinit$$00000004)
    .ARM.Collect$$libinit$$0000000A          0x00000062   Section        0  libinit2.o(.ARM.Collect$$libinit$$0000000A)
    .ARM.Collect$$libinit$$0000000C          0x00000062   Section        0  libinit2.o(.ARM.Collect$$libinit$$0000000C)
    .ARM.Collect$$libinit$$0000000E          0x00000062   Section        0  libinit2.o(.ARM.Collect$$libinit$$0000000E)
    .ARM.Collect$$libinit$$00000011          0x00000062   Section        0  libinit2.o(.ARM.Collect$$libinit$$00000011)
    .ARM.Collect$$libinit$$00000013          0x00000062   Section        0  libinit2.o(.ARM.Collect$$libinit$$00000013)
    .ARM.Collect$$libinit$$00000015          0x00000062   Section        0  libinit2.o(.ARM.Collect$$libinit$$00000015)
    .ARM.Collect$$libinit$$00000017          0x00000062   Section        0  libinit2.o(.ARM.Collect$$libinit$$00000017)
    .ARM.Collect$$libinit$$00000019          0x00000062   Section        0  libinit2.o(.ARM.Collect$$libinit$$00000019)
    .ARM.Collect$$libinit$$0000001B          0x00000062   Section        0  libinit2.o(.ARM.Collect$$libinit$$0000001B)
    .ARM.Collect$$libinit$$0000001D          0x00000062   Section        0  libinit2.o(.ARM.Collect$$libinit$$0000001D)
    .ARM.Collect$$libinit$$0000001F          0x00000062   Section        0  libinit2.o(.ARM.Collect$$libinit$$0000001F)
    .ARM.Collect$$libinit$$00000021          0x00000062   Section        0  libinit2.o(.ARM.Collect$$libinit$$00000021)
    .ARM.Collect$$libinit$$00000023          0x00000062   Section        0  libinit2.o(.ARM.Collect$$libinit$$00000023)
    .ARM.Collect$$libinit$$00000025          0x00000062   Section        0  libinit2.o(.ARM.Collect$$libinit$$00000025)
    .ARM.Collect$$libinit$$0000002C          0x00000062   Section        0  libinit2.o(.ARM.Collect$$libinit$$0000002C)
    .ARM.Collect$$libinit$$0000002E          0x00000062   Section        0  libinit2.o(.ARM.Collect$$libinit$$0000002E)
    .ARM.Collect$$libinit$$00000030          0x00000062   Section        0  libinit2.o(.ARM.Collect$$libinit$$00000030)
    .ARM.Collect$$libinit$$00000032          0x00000062   Section        0  libinit2.o(.ARM.Collect$$libinit$$00000032)
    .ARM.Collect$$libinit$$00000033          0x00000062   Section        2  libinit2.o(.ARM.Collect$$libinit$$00000033)
    .ARM.Collect$$libshutdown$$00000000      0x00000064   Section        2  libshutdown.o(.ARM.Collect$$libshutdown$$00000000)
    .ARM.Collect$$libshutdown$$00000002      0x00000066   Section        0  libshutdown2.o(.ARM.Collect$$libshutdown$$00000002)
    .ARM.Collect$$libshutdown$$00000004      0x00000066   Section        0  libshutdown2.o(.ARM.Collect$$libshutdown$$00000004)
    .ARM.Collect$$libshutdown$$00000007      0x00000066   Section        0  libshutdown2.o(.ARM.Collect$$libshutdown$$00000007)
    .ARM.Collect$$libshutdown$$0000000A      0x00000066   Section        0  libshutdown2.o(.ARM.Collect$$libshutdown$$0000000A)
    .ARM.Collect$$libshutdown$$0000000C      0x00000066   Section        0  libshutdown2.o(.ARM.Collect$$libshutdown$$0000000C)
    .ARM.Collect$$libshutdown$$0000000F      0x00000066   Section        0  libshutdown2.o(.ARM.Collect$$libshutdown$$0000000F)
    .ARM.Collect$$libshutdown$$00000010      0x00000066   Section        2  libshutdown2.o(.ARM.Collect$$libshutdown$$00000010)
    .ARM.Collect$$rtentry$$00000000          0x00000068   Section        0  __rtentry.o(.ARM.Collect$$rtentry$$00000000)
    .ARM.Collect$$rtentry$$00000002          0x00000068   Section        0  __rtentry2.o(.ARM.Collect$$rtentry$$00000002)
    .ARM.Collect$$rtentry$$00000005          0x00000068   Section        4  __rtentry5.o(.ARM.Collect$$rtentry$$00000005)
    .ARM.Collect$$rtentry$$00000009          0x0000006c   Section        0  __rtentry2.o(.ARM.Collect$$rtentry$$00000009)
    .ARM.Collect$$rtentry$$0000000A          0x0000006c   Section        4  __rtentry2.o(.ARM.Collect$$rtentry$$0000000A)
    .ARM.Collect$$rtentry$$0000000C          0x00000070   Section        0  __rtentry2.o(.ARM.Collect$$rtentry$$0000000C)
    .ARM.Collect$$rtentry$$0000000D          0x00000070   Section        8  __rtentry2.o(.ARM.Collect$$rtentry$$0000000D)
    .ARM.Collect$$rtentry$$00002716          0x00000078   Section        4  __rtentry5.o(.ARM.Collect$$rtentry$$00002716)
    __lit__00000000                          0x00000078   Data           4  __rtentry5.o(.ARM.Collect$$rtentry$$00002716)
    .ARM.Collect$$rtexit$$00000000           0x0000007c   Section        2  rtexit.o(.ARM.Collect$$rtexit$$00000000)
    .ARM.Collect$$rtexit$$00000002           0x0000007e   Section        0  rtexit2.o(.ARM.Collect$$rtexit$$00000002)
    .ARM.Collect$$rtexit$$00000003           0x0000007e   Section        4  rtexit2.o(.ARM.Collect$$rtexit$$00000003)
    .ARM.Collect$$rtexit$$00000004           0x00000082   Section        6  rtexit2.o(.ARM.Collect$$rtexit$$00000004)
    .text                                    0x00000088   Section        8  startup.o(.text)
    .text                                    0x00000090   Section        0  exit.o(.text)
    .text                                    0x000000a2   Section        2  use_no_semi.o(.text)
    .text                                    0x000000a4   Section        0  sys_exit.o(.text)
    .text                                    0x000000a4   Section        0  indicate_semi.o(.text)
    i._Z14five_point_onePii                  0x000000b0   Section        0  edf.o(i._Z14five_point_onePii)
    i._Z14five_point_twoii                   0x000000c4   Section        0  edf.o(i._Z14five_point_twoii)
    i._Z16five_point_threeiPiS_              0x000000da   Section        0  edf.o(i._Z16five_point_threeiPiS_)
    i._Z3gcdii                               0x0000010c   Section        0  edf.o(i._Z3gcdii)
    i._Z3lcmiii                              0x00000140   Section        0  edf.o(i._Z3lcmiii)
    i._Z3minii                               0x0000016e   Section        0  edf.o(i._Z3minii)
    i._Z4readv                               0x00000186   Section        0  tasks.o(i._Z4readv)
    i._Z5checkv                              0x00000188   Section        0  tasks.o(i._Z5checkv)
    i._Z5reactv                              0x0000018a   Section        0  tasks.o(i._Z5reactv)
    i._Z7maximumPii                          0x0000018c   Section        0  edf.o(i._Z7maximumPii)
    i._ZN10Scheduling23insertionSortByDeadlineEPPFvvEPiS3_S3_i 0x000001ac   Section        0  scheduling.o(i._ZN10Scheduling23insertionSortByDeadlineEPPFvvEPiS3_S3_i)
    i._ZN3Edf15find_frame_sizeEPiS0_S0_      0x00000220   Section        0  edf.o(i._ZN3Edf15find_frame_sizeEPiS0_S0_)
    i._ZN5Tasks8runTasksEv                   0x00000266   Section        0  tasks.o(i._ZN5Tasks8runTasksEv)
    i._ZN5Tasks9runEDFAlgEv                  0x00000284   Section        0  tasks.o(i._ZN5Tasks9runEDFAlgEv)
    i._ZN5TasksC1Ei                          0x00000310   Section        0  tasks.o(i._ZN5TasksC1Ei)
    i.main                                   0x00000314   Section        0  main.o(i.main)
    .constdata                               0x0000033c   Section       48  tasks.o(.constdata)
    STACK                                    0x20000000   Section     1025  startup.o(STACK)

    Global Symbols

    Symbol Name                              Value     Ov Type        Size  Object(Section)

    BuildAttributes$$THM_ISAv4$E$P$D$K$B$S$7EM$PE$A:L22UL41UL21$X:L11$S22US41US21$IEEE1$IW$USESV6$~STKCKD$USESV7$~SHL$OSPACE$ROPI$EBA8$UX$STANDARDLIB$REQ8$PRES8$EABIv2 0x00000000   Number         0  anon$$obj.o ABSOLUTE
    __ARM_use_no_argv                        0x00000000   Number         0  main.o ABSOLUTE
    __Vectors                                0x00000000   Data           4  startup.o(RESET)
    __ARM_exceptions_init                     - Undefined Weak Reference
    __alloca_initialize                       - Undefined Weak Reference
    __arm_preinit_                            - Undefined Weak Reference
    __cpp_initialize__aeabi_                  - Undefined Weak Reference
    __cxa_finalize                            - Undefined Weak Reference
    __rt_locale                               - Undefined Weak Reference
    __sigvec_lookup                           - Undefined Weak Reference
    _atexit_init                              - Undefined Weak Reference
    _call_atexit_fns                          - Undefined Weak Reference
    _clock_init                               - Undefined Weak Reference
    _fp_trap_init                             - Undefined Weak Reference
    _fp_trap_shutdown                         - Undefined Weak Reference
    _get_lc_collate                           - Undefined Weak Reference
    _get_lc_ctype                             - Undefined Weak Reference
    _get_lc_monetary                          - Undefined Weak Reference
    _get_lc_numeric                           - Undefined Weak Reference
    _get_lc_time                              - Undefined Weak Reference
    _getenv_init                              - Undefined Weak Reference
    _handle_redirection                       - Undefined Weak Reference
    _init_alloc                               - Undefined Weak Reference
    _init_user_alloc                          - Undefined Weak Reference
    _initio                                   - Undefined Weak Reference
    _rand_init                                - Undefined Weak Reference
    _signal_finish                            - Undefined Weak Reference
    _signal_init                              - Undefined Weak Reference
    _terminate_alloc                          - Undefined Weak Reference
    _terminate_user_alloc                     - Undefined Weak Reference
    _terminateio                              - Undefined Weak Reference
    __Vectors_End                            0x00000008   Data           0  startup.o(RESET)
    __Vectors_Size                           0x00000008   Number         0  startup.o ABSOLUTE
    __main                                   0x00000009   Thumb Code     8  __main.o(!!!main)
    __scatterload                            0x00000011   Thumb Code     0  __scatter.o(!!!scatter)
    __scatterload_rt2                        0x00000011   Thumb Code    44  __scatter.o(!!!scatter)
    __scatterload_rt2_thumb_only             0x00000011   Thumb Code     0  __scatter.o(!!!scatter)
    __scatterload_null                       0x0000001f   Thumb Code     0  __scatter.o(!!!scatter)
    __scatterload_zeroinit                   0x00000045   Thumb Code    28  __scatter_zi.o(!!handler_zi)
    __rt_lib_init                            0x00000061   Thumb Code     0  libinit.o(.ARM.Collect$$libinit$$00000000)
    __rt_lib_init_alloca_1                   0x00000063   Thumb Code     0  libinit2.o(.ARM.Collect$$libinit$$0000002E)
    __rt_lib_init_argv_1                     0x00000063   Thumb Code     0  libinit2.o(.ARM.Collect$$libinit$$0000002C)
    __rt_lib_init_atexit_1                   0x00000063   Thumb Code     0  libinit2.o(.ARM.Collect$$libinit$$0000001B)
    __rt_lib_init_clock_1                    0x00000063   Thumb Code     0  libinit2.o(.ARM.Collect$$libinit$$00000021)
    __rt_lib_init_cpp_1                      0x00000063   Thumb Code     0  libinit2.o(.ARM.Collect$$libinit$$00000032)
    __rt_lib_init_exceptions_1               0x00000063   Thumb Code     0  libinit2.o(.ARM.Collect$$libinit$$00000030)
    __rt_lib_init_fp_1                       0x00000063   Thumb Code     0  libinit2.o(.ARM.Collect$$libinit$$00000002)
    __rt_lib_init_fp_trap_1                  0x00000063   Thumb Code     0  libinit2.o(.ARM.Collect$$libinit$$0000001F)
    __rt_lib_init_getenv_1                   0x00000063   Thumb Code     0  libinit2.o(.ARM.Collect$$libinit$$00000023)
    __rt_lib_init_heap_1                     0x00000063   Thumb Code     0  libinit2.o(.ARM.Collect$$libinit$$0000000A)
    __rt_lib_init_lc_collate_1               0x00000063   Thumb Code     0  libinit2.o(.ARM.Collect$$libinit$$00000011)
    __rt_lib_init_lc_ctype_1                 0x00000063   Thumb Code     0  libinit2.o(.ARM.Collect$$libinit$$00000013)
    __rt_lib_init_lc_monetary_1              0x00000063   Thumb Code     0  libinit2.o(.ARM.Collect$$libinit$$00000015)
    __rt_lib_init_lc_numeric_1               0x00000063   Thumb Code     0  libinit2.o(.ARM.Collect$$libinit$$00000017)
    __rt_lib_init_lc_time_1                  0x00000063   Thumb Code     0  libinit2.o(.ARM.Collect$$libinit$$00000019)
    __rt_lib_init_preinit_1                  0x00000063   Thumb Code     0  libinit2.o(.ARM.Collect$$libinit$$00000004)
    __rt_lib_init_rand_1                     0x00000063   Thumb Code     0  libinit2.o(.ARM.Collect$$libinit$$0000000E)
    __rt_lib_init_return                     0x00000063   Thumb Code     0  libinit2.o(.ARM.Collect$$libinit$$00000033)
    __rt_lib_init_signal_1                   0x00000063   Thumb Code     0  libinit2.o(.ARM.Collect$$libinit$$0000001D)
    __rt_lib_init_stdio_1                    0x00000063   Thumb Code     0  libinit2.o(.ARM.Collect$$libinit$$00000025)
    __rt_lib_init_user_alloc_1               0x00000063   Thumb Code     0  libinit2.o(.ARM.Collect$$libinit$$0000000C)
    __rt_lib_shutdown                        0x00000065   Thumb Code     0  libshutdown.o(.ARM.Collect$$libshutdown$$00000000)
    __rt_lib_shutdown_cpp_1                  0x00000067   Thumb Code     0  libshutdown2.o(.ARM.Collect$$libshutdown$$00000002)
    __rt_lib_shutdown_fp_trap_1              0x00000067   Thumb Code     0  libshutdown2.o(.ARM.Collect$$libshutdown$$00000007)
    __rt_lib_shutdown_heap_1                 0x00000067   Thumb Code     0  libshutdown2.o(.ARM.Collect$$libshutdown$$0000000F)
    __rt_lib_shutdown_return                 0x00000067   Thumb Code     0  libshutdown2.o(.ARM.Collect$$libshutdown$$00000010)
    __rt_lib_shutdown_signal_1               0x00000067   Thumb Code     0  libshutdown2.o(.ARM.Collect$$libshutdown$$0000000A)
    __rt_lib_shutdown_stdio_1                0x00000067   Thumb Code     0  libshutdown2.o(.ARM.Collect$$libshutdown$$00000004)
    __rt_lib_shutdown_user_alloc_1           0x00000067   Thumb Code     0  libshutdown2.o(.ARM.Collect$$libshutdown$$0000000C)
    __rt_entry                               0x00000069   Thumb Code     0  __rtentry.o(.ARM.Collect$$rtentry$$00000000)
    __rt_entry_presh_1                       0x00000069   Thumb Code     0  __rtentry2.o(.ARM.Collect$$rtentry$$00000002)
    __rt_entry_sh                            0x00000069   Thumb Code     0  __rtentry5.o(.ARM.Collect$$rtentry$$00000005)
    __rt_entry_li                            0x0000006d   Thumb Code     0  __rtentry2.o(.ARM.Collect$$rtentry$$0000000A)
    __rt_entry_postsh_1                      0x0000006d   Thumb Code     0  __rtentry2.o(.ARM.Collect$$rtentry$$00000009)
    __rt_entry_main                          0x00000071   Thumb Code     0  __rtentry2.o(.ARM.Collect$$rtentry$$0000000D)
    __rt_entry_postli_1                      0x00000071   Thumb Code     0  __rtentry2.o(.ARM.Collect$$rtentry$$0000000C)
    __rt_exit                                0x0000007d   Thumb Code     0  rtexit.o(.ARM.Collect$$rtexit$$00000000)
    __rt_exit_ls                             0x0000007f   Thumb Code     0  rtexit2.o(.ARM.Collect$$rtexit$$00000003)
    __rt_exit_prels_1                        0x0000007f   Thumb Code     0  rtexit2.o(.ARM.Collect$$rtexit$$00000002)
    __rt_exit_exit                           0x00000083   Thumb Code     0  rtexit2.o(.ARM.Collect$$rtexit$$00000004)
    Reset_Handler                            0x00000089   Thumb Code     4  startup.o(.text)
    exit                                     0x00000091   Thumb Code    18  exit.o(.text)
    __I$use$semihosting                      0x000000a3   Thumb Code     0  use_no_semi.o(.text)
    __use_no_semihosting_swi                 0x000000a3   Thumb Code     2  use_no_semi.o(.text)
    __semihosting_library_function           0x000000a5   Thumb Code     0  indicate_semi.o(.text)
    _sys_exit                                0x000000a5   Thumb Code     8  sys_exit.o(.text)
    five_point_one(int*, int)                0x000000b1   Thumb Code    20  edf.o(i._Z14five_point_onePii)
    five_point_two(int, int)                 0x000000c5   Thumb Code    22  edf.o(i._Z14five_point_twoii)
    five_point_three(int, int*, int*)        0x000000db   Thumb Code    50  edf.o(i._Z16five_point_threeiPiS_)
    gcd(int, int)                            0x0000010d   Thumb Code    52  edf.o(i._Z3gcdii)
    lcm(int, int, int)                       0x00000141   Thumb Code    46  edf.o(i._Z3lcmiii)
    min(int, int)                            0x0000016f   Thumb Code    24  edf.o(i._Z3minii)
    read()                                   0x00000187   Thumb Code     2  tasks.o(i._Z4readv)
    check()                                  0x00000189   Thumb Code     2  tasks.o(i._Z5checkv)
    react()                                  0x0000018b   Thumb Code     2  tasks.o(i._Z5reactv)
    maximum(int*, int)                       0x0000018d   Thumb Code    32  edf.o(i._Z7maximumPii)
    Scheduling::insertionSortByDeadline(void(**)(), int*, int*, int*, int) 0x000001ad   Thumb Code   116  scheduling.o(i._ZN10Scheduling23insertionSortByDeadlineEPPFvvEPiS3_S3_i)
    Edf::find_frame_size(int*, int*, int*)   0x00000221   Thumb Code    70  edf.o(i._ZN3Edf15find_frame_sizeEPiS0_S0_)
    Tasks::runTasks()                        0x00000267   Thumb Code    28  tasks.o(i._ZN5Tasks8runTasksEv)
    Tasks::runEDFAlg()                       0x00000285   Thumb Code   136  tasks.o(i._ZN5Tasks9runEDFAlgEv)
    Tasks::Tasks(int)                        0x00000311   Thumb Code     4  tasks.o(i._ZN5TasksC1Ei)
    Tasks::Tasks__sub_object(int)            0x00000311   Thumb Code     0  tasks.o(i._ZN5TasksC1Ei)
    main                                     0x00000315   Thumb Code    40  main.o(i.main)
    Region$$Table$$Base                      0x0000036c   Number         0  anon$$obj.o(Region$$Table)
    Region$$Table$$Limit                     0x0000037c   Number         0  anon$$obj.o(Region$$Table)
    __stack_limit                            0x20000000   Data           0  startup.o(STACK)
    __initial_sp                             0x20000401   Data           0  startup.o(STACK)
    Image$$ZI$$Limit                         0x20000404   Number         0  anon$$obj.o ABSOLUTE



==============================================================================

Memory Map of the image

  Image Entry point : 0x00000089

  Load Region LR_1 (Base: 0x00000000, Size: 0x0000037c, Max: 0xffffffff, ABSOLUTE)

    Execution Region ER_RO (Exec base: 0x00000000, Load base: 0x00000000, Size: 0x0000037c, Max: 0xffffffff, ABSOLUTE)

    Exec Addr    Load Addr    Size         Type   Attr      Idx    E Section Name        Object

    0x00000000   0x00000000   0x00000008   Data   RO          349    RESET               startup.o
    0x00000008   0x00000008   0x00000008   Code   RO          357  * !!!main             c_w.l(__main.o)
    0x00000010   0x00000010   0x00000034   Code   RO          521    !!!scatter          c_w.l(__scatter.o)
    0x00000044   0x00000044   0x0000001c   Code   RO          523    !!handler_zi        c_w.l(__scatter_zi.o)
    0x00000060   0x00000060   0x00000002   Code   RO          389    .ARM.Collect$$libinit$$00000000  c_w.l(libinit.o)
    0x00000062   0x00000062   0x00000000   Code   RO          398    .ARM.Collect$$libinit$$00000002  c_w.l(libinit2.o)
    0x00000062   0x00000062   0x00000000   Code   RO          400    .ARM.Collect$$libinit$$00000004  c_w.l(libinit2.o)
    0x00000062   0x00000062   0x00000000   Code   RO          403    .ARM.Collect$$libinit$$0000000A  c_w.l(libinit2.o)
    0x00000062   0x00000062   0x00000000   Code   RO          405    .ARM.Collect$$libinit$$0000000C  c_w.l(libinit2.o)
    0x00000062   0x00000062   0x00000000   Code   RO          407    .ARM.Collect$$libinit$$0000000E  c_w.l(libinit2.o)
    0x00000062   0x00000062   0x00000000   Code   RO          410    .ARM.Collect$$libinit$$00000011  c_w.l(libinit2.o)
    0x00000062   0x00000062   0x00000000   Code   RO          412    .ARM.Collect$$libinit$$00000013  c_w.l(libinit2.o)
    0x00000062   0x00000062   0x00000000   Code   RO          414    .ARM.Collect$$libinit$$00000015  c_w.l(libinit2.o)
    0x00000062   0x00000062   0x00000000   Code   RO          416    .ARM.Collect$$libinit$$00000017  c_w.l(libinit2.o)
    0x00000062   0x00000062   0x00000000   Code   RO          418    .ARM.Collect$$libinit$$00000019  c_w.l(libinit2.o)
    0x00000062   0x00000062   0x00000000   Code   RO          420    .ARM.Collect$$libinit$$0000001B  c_w.l(libinit2.o)
    0x00000062   0x00000062   0x00000000   Code   RO          422    .ARM.Collect$$libinit$$0000001D  c_w.l(libinit2.o)
    0x00000062   0x00000062   0x00000000   Code   RO          424    .ARM.Collect$$libinit$$0000001F  c_w.l(libinit2.o)
    0x00000062   0x00000062   0x00000000   Code   RO          426    .ARM.Collect$$libinit$$00000021  c_w.l(libinit2.o)
    0x00000062   0x00000062   0x00000000   Code   RO          428    .ARM.Collect$$libinit$$00000023  c_w.l(libinit2.o)
    0x00000062   0x00000062   0x00000000   Code   RO          430    .ARM.Collect$$libinit$$00000025  c_w.l(libinit2.o)
    0x00000062   0x00000062   0x00000000   Code   RO          434    .ARM.Collect$$libinit$$0000002C  c_w.l(libinit2.o)
    0x00000062   0x00000062   0x00000000   Code   RO          436    .ARM.Collect$$libinit$$0000002E  c_w.l(libinit2.o)
    0x00000062   0x00000062   0x00000000   Code   RO          438    .ARM.Collect$$libinit$$00000030  c_w.l(libinit2.o)
    0x00000062   0x00000062   0x00000000   Code   RO          440    .ARM.Collect$$libinit$$00000032  c_w.l(libinit2.o)
    0x00000062   0x00000062   0x00000002   Code   RO          441    .ARM.Collect$$libinit$$00000033  c_w.l(libinit2.o)
    0x00000064   0x00000064   0x00000002   Code   RO          464    .ARM.Collect$$libshutdown$$00000000  c_w.l(libshutdown.o)
    0x00000066   0x00000066   0x00000000   Code   RO          474    .ARM.Collect$$libshutdown$$00000002  c_w.l(libshutdown2.o)
    0x00000066   0x00000066   0x00000000   Code   RO          476    .ARM.Collect$$libshutdown$$00000004  c_w.l(libshutdown2.o)
    0x00000066   0x00000066   0x00000000   Code   RO          479    .ARM.Collect$$libshutdown$$00000007  c_w.l(libshutdown2.o)
    0x00000066   0x00000066   0x00000000   Code   RO          482    .ARM.Collect$$libshutdown$$0000000A  c_w.l(libshutdown2.o)
    0x00000066   0x00000066   0x00000000   Code   RO          484    .ARM.Collect$$libshutdown$$0000000C  c_w.l(libshutdown2.o)
    0x00000066   0x00000066   0x00000000   Code   RO          487    .ARM.Collect$$libshutdown$$0000000F  c_w.l(libshutdown2.o)
    0x00000066   0x00000066   0x00000002   Code   RO          488    .ARM.Collect$$libshutdown$$00000010  c_w.l(libshutdown2.o)
    0x00000068   0x00000068   0x00000000   Code   RO          359    .ARM.Collect$$rtentry$$00000000  c_w.l(__rtentry.o)
    0x00000068   0x00000068   0x00000000   Code   RO          361    .ARM.Collect$$rtentry$$00000002  c_w.l(__rtentry2.o)
    0x00000068   0x00000068   0x00000004   Code   RO          375    .ARM.Collect$$rtentry$$00000005  c_w.l(__rtentry5.o)
    0x0000006c   0x0000006c   0x00000000   Code   RO          363    .ARM.Collect$$rtentry$$00000009  c_w.l(__rtentry2.o)
    0x0000006c   0x0000006c   0x00000004   Code   RO          364    .ARM.Collect$$rtentry$$0000000A  c_w.l(__rtentry2.o)
    0x00000070   0x00000070   0x00000000   Code   RO          366    .ARM.Collect$$rtentry$$0000000C  c_w.l(__rtentry2.o)
    0x00000070   0x00000070   0x00000008   Code   RO          367    .ARM.Collect$$rtentry$$0000000D  c_w.l(__rtentry2.o)
    0x00000078   0x00000078   0x00000004   Code   RO          376    .ARM.Collect$$rtentry$$00002716  c_w.l(__rtentry5.o)
    0x0000007c   0x0000007c   0x00000002   Code   RO          395    .ARM.Collect$$rtexit$$00000000  c_w.l(rtexit.o)
    0x0000007e   0x0000007e   0x00000000   Code   RO          446    .ARM.Collect$$rtexit$$00000002  c_w.l(rtexit2.o)
    0x0000007e   0x0000007e   0x00000004   Code   RO          447    .ARM.Collect$$rtexit$$00000003  c_w.l(rtexit2.o)
    0x00000082   0x00000082   0x00000006   Code   RO          448    .ARM.Collect$$rtexit$$00000004  c_w.l(rtexit2.o)
    0x00000088   0x00000088   0x00000008   Code   RO          350  * .text               startup.o
    0x00000090   0x00000090   0x00000012   Code   RO          382    .text               c_w.l(exit.o)
    0x000000a2   0x000000a2   0x00000002   Code   RO          442    .text               c_w.l(use_no_semi.o)
    0x000000a4   0x000000a4   0x00000000   Code   RO          444    .text               c_w.l(indicate_semi.o)
    0x000000a4   0x000000a4   0x0000000c   Code   RO          456    .text               c_w.l(sys_exit.o)
    0x000000b0   0x000000b0   0x00000014   Code   RO            1    i._Z14five_point_onePii  edf.o
    0x000000c4   0x000000c4   0x00000016   Code   RO            2    i._Z14five_point_twoii  edf.o
    0x000000da   0x000000da   0x00000032   Code   RO            3    i._Z16five_point_threeiPiS_  edf.o
    0x0000010c   0x0000010c   0x00000034   Code   RO            4    i._Z3gcdii          edf.o
    0x00000140   0x00000140   0x0000002e   Code   RO            5    i._Z3lcmiii         edf.o
    0x0000016e   0x0000016e   0x00000018   Code   RO            6    i._Z3minii          edf.o
    0x00000186   0x00000186   0x00000002   Code   RO          245    i._Z4readv          tasks.o
    0x00000188   0x00000188   0x00000002   Code   RO          246    i._Z5checkv         tasks.o
    0x0000018a   0x0000018a   0x00000002   Code   RO          247    i._Z5reactv         tasks.o
    0x0000018c   0x0000018c   0x00000020   Code   RO            8    i._Z7maximumPii     edf.o
    0x000001ac   0x000001ac   0x00000074   Code   RO          336    i._ZN10Scheduling23insertionSortByDeadlineEPPFvvEPiS3_S3_i  scheduling.o
    0x00000220   0x00000220   0x00000046   Code   RO            9    i._ZN3Edf15find_frame_sizeEPiS0_S0_  edf.o
    0x00000266   0x00000266   0x0000001c   Code   RO          250    i._ZN5Tasks8runTasksEv  tasks.o
    0x00000282   0x00000282   0x00000002   PAD
    0x00000284   0x00000284   0x0000008c   Code   RO          251    i._ZN5Tasks9runEDFAlgEv  tasks.o
    0x00000310   0x00000310   0x00000004   Code   RO          252    i._ZN5TasksC1Ei     tasks.o
    0x00000314   0x00000314   0x00000028   Code   RO           83    i.main              main.o
    0x0000033c   0x0000033c   0x00000030   Data   RO          261    .constdata          tasks.o
    0x0000036c   0x0000036c   0x00000010   Data   RO          519    Region$$Table       anon$$obj.o


    Execution Region ER_RW (Exec base: 0x20000000, Load base: 0x0000037c, Size: 0x00000000, Max: 0xffffffff, ABSOLUTE)

    **** No section assigned to this execution region ****


    Execution Region ER_ZI (Exec base: 0x20000000, Load base: 0x0000037c, Size: 0x00000404, Max: 0xffffffff, ABSOLUTE)

    Exec Addr    Load Addr    Size         Type   Attr      Idx    E Section Name        Object

    0x20000000        -       0x00000401   Zero   RW          348    STACK               startup.o


==============================================================================

Image component sizes


      Code (inc. data)   RO Data    RW Data    ZI Data      Debug   Object Name

       316          0          0          0          0       8429   edf.o
        40          0          0          0          0       1039   main.o
       116          0          0          0          0       1104   scheduling.o
         8          4          8          0       1025        348   startup.o
       178          4         48          0          0       3059   tasks.o

    ----------------------------------------------------------------------
       660          8         72          0       1028      13979   Object Totals
         0          0         16          0          0          0   (incl. Generated)
         2          0          0          0          3          0   (incl. Padding)

    ----------------------------------------------------------------------

      Code (inc. data)   RO Data    RW Data    ZI Data      Debug   Library Member Name

         8          0          0          0          0         68   __main.o
         0          0          0          0          0          0   __rtentry.o
        12          0          0          0          0          0   __rtentry2.o
         8          4          0          0          0          0   __rtentry5.o
        52          8          0          0          0          0   __scatter.o
        28          0          0          0          0          0   __scatter_zi.o
        18          0          0          0          0         80   exit.o
         0          0          0          0          0          0   indicate_semi.o
         2          0          0          0          0          0   libinit.o
         2          0          0          0          0          0   libinit2.o
         2          0          0          0          0          0   libshutdown.o
         2          0          0          0          0          0   libshutdown2.o
         2          0          0          0          0          0   rtexit.o
        10          0          0          0          0          0   rtexit2.o
        12          4          0          0          0         68   sys_exit.o
         2          0          0          0          0         68   use_no_semi.o

    ----------------------------------------------------------------------
       160         16          0          0          0        284   Library Totals
         0          0          0          0          0          0   (incl. Padding)

    ----------------------------------------------------------------------

      Code (inc. data)   RO Data    RW Data    ZI Data      Debug   Library Name

       160         16          0          0          0        284   c_w.l

    ----------------------------------------------------------------------
       160         16          0          0          0        284   Library Totals

    ----------------------------------------------------------------------

==============================================================================


      Code (inc. data)   RO Data    RW Data    ZI Data      Debug   

       820         24         72          0       1028      13515   Grand Totals
       820         24         72          0       1028      13515   ELF Image Totals
       820         24         72          0          0          0   ROM Totals

==============================================================================

    Total RO  Size (Code + RO Data)                  892 (   0.87kB)
    Total RW  Size (RW Data + ZI Data)              1028 (   1.00kB)
    Total ROM Size (Code + RO Data + RW Data)        892 (   0.87kB)

==============================================================================

