


ARM Macro Assembler    Page 1 


    1 00000000 00000401 
                       Stack_Size
                               EQU              0x00000401
    2 00000000                 AREA             STACK,NOINIT,READWRITE,ALIGN=3
    3 00000000         __stack_limit
    4 00000000         Stack_Mem
                               SPACE            Stack_Size
    5 00000401         __initial_sp
    6 00000401         
    7 00000401         
    8 00000401         ; Vector Table Mapped to Address 0 at Reset
    9 00000401                 AREA             RESET, DATA, READONLY
   10 00000000                 EXPORT           __Vectors
   11 00000000                 EXPORT           __Vectors_End
   12 00000000                 EXPORT           __Vectors_Size
   13 00000000 00000000 
                       __Vectors
                               DCD              __initial_sp ; Top of Stack
   14 00000004 00000000        DCD              Reset_Handler ; Reset Handler
   15 00000008         
   16 00000008         __Vectors_End
   17 00000008         
   18 00000008 00000008 
                       __Vectors_Size
                               EQU              __Vectors_End - __Vectors
   19 00000008                 AREA             |.text|, CODE, READONLY
   20 00000000         Reset_Handler
                               PROC
   21 00000000                 EXPORT           Reset_Handler [Weak]
   22 00000000                 IMPORT           __main
   23 00000000 4800            LDR              R0, =__main
   24 00000002 4700            BX               R0
   25 00000004                 ENDP
   26 00000004                 EXPORT           __stack_limit
   27 00000004                 EXPORT           __initial_sp
   28 00000004         
   29 00000004                 END
              00000000 
Command Line: --debug --xref --diag_suppress=9931 --cpu=Cortex-M4 --apcs=interw
ork --depend=.\objects\startup.d -o.\objects\startup.o -I.\RTE\_Target_1 -IC:\U
sers\Jared\AppData\Local\Arm\Packs\ARM\CMSIS\5.6.0\Device\ARM\ARMCM4\Include -I
"D:\Program Files\Keil_v5\ARM\CMSIS\Include" --predefine="__EVAL SETA 1" --pred
efine="__UVISION_VERSION SETA 529" --predefine="ARMCM4 SETA 1" --list=.\listing
s\startup.lst common\startup.s



ARM Macro Assembler    Page 1 Alphabetic symbol ordering
Relocatable symbols

STACK 00000000

Symbol: STACK
   Definitions
      At line 2 in file common\startup.s
   Uses
      None
Comment: STACK unused
Stack_Mem 00000000

Symbol: Stack_Mem
   Definitions
      At line 4 in file common\startup.s
   Uses
      None
Comment: Stack_Mem unused
__initial_sp 00000401

Symbol: __initial_sp
   Definitions
      At line 5 in file common\startup.s
   Uses
      At line 13 in file common\startup.s
      At line 27 in file common\startup.s

__stack_limit 00000000

Symbol: __stack_limit
   Definitions
      At line 3 in file common\startup.s
   Uses
      At line 26 in file common\startup.s
Comment: __stack_limit used once
4 symbols



ARM Macro Assembler    Page 1 Alphabetic symbol ordering
Relocatable symbols

RESET 00000000

Symbol: RESET
   Definitions
      At line 9 in file common\startup.s
   Uses
      None
Comment: RESET unused
__Vectors 00000000

Symbol: __Vectors
   Definitions
      At line 13 in file common\startup.s
   Uses
      At line 10 in file common\startup.s
      At line 18 in file common\startup.s

__Vectors_End 00000008

Symbol: __Vectors_End
   Definitions
      At line 16 in file common\startup.s
   Uses
      At line 11 in file common\startup.s
      At line 18 in file common\startup.s

3 symbols



ARM Macro Assembler    Page 1 Alphabetic symbol ordering
Relocatable symbols

.text 00000000

Symbol: .text
   Definitions
      At line 19 in file common\startup.s
   Uses
      None
Comment: .text unused
Reset_Handler 00000000

Symbol: Reset_Handler
   Definitions
      At line 20 in file common\startup.s
   Uses
      At line 14 in file common\startup.s
      At line 21 in file common\startup.s

2 symbols



ARM Macro Assembler    Page 1 Alphabetic symbol ordering
Absolute symbols

Stack_Size 00000401

Symbol: Stack_Size
   Definitions
      At line 1 in file common\startup.s
   Uses
      At line 4 in file common\startup.s
Comment: Stack_Size used once
__Vectors_Size 00000008

Symbol: __Vectors_Size
   Definitions
      At line 18 in file common\startup.s
   Uses
      At line 12 in file common\startup.s
Comment: __Vectors_Size used once
2 symbols



ARM Macro Assembler    Page 1 Alphabetic symbol ordering
External symbols

__main 00000000

Symbol: __main
   Definitions
      At line 22 in file common\startup.s
   Uses
      At line 23 in file common\startup.s
Comment: __main used once
1 symbol
347 symbols in table
